Running ourselves
CAUGHT: Cannot run run_test: Launching is not yet implemented on this platform
