wxW suggestion: /home/mortennk/.tiggit: GOOD
Our suggestion: /home/mortennk/.local/share/tiggit/: GOOD
